validate	Set up job	﻿2025-12-30T07:06:23.7470541Z Current runner version: '2.330.0'
validate	Set up job	2025-12-30T07:06:23.7502941Z ##[group]Runner Image Provisioner
validate	Set up job	2025-12-30T07:06:23.7504104Z Hosted Compute Agent
validate	Set up job	2025-12-30T07:06:23.7504889Z Version: 20251211.462
validate	Set up job	2025-12-30T07:06:23.7505919Z Commit: 6cbad8c2bb55d58165063d031ccabf57e2d2db61
validate	Set up job	2025-12-30T07:06:23.7507128Z Build Date: 2025-12-11T16:28:49Z
validate	Set up job	2025-12-30T07:06:23.7508106Z Worker ID: {cb3e3938-1f19-4308-bbe5-2c55b2ea77f5}
validate	Set up job	2025-12-30T07:06:23.7509258Z ##[endgroup]
validate	Set up job	2025-12-30T07:06:23.7510054Z ##[group]Operating System
validate	Set up job	2025-12-30T07:06:23.7510932Z Ubuntu
validate	Set up job	2025-12-30T07:06:23.7511655Z 24.04.3
validate	Set up job	2025-12-30T07:06:23.7512649Z LTS
validate	Set up job	2025-12-30T07:06:23.7513362Z ##[endgroup]
validate	Set up job	2025-12-30T07:06:23.7514221Z ##[group]Runner Image
validate	Set up job	2025-12-30T07:06:23.7515055Z Image: ubuntu-24.04
validate	Set up job	2025-12-30T07:06:23.7515799Z Version: 20251215.174.1
validate	Set up job	2025-12-30T07:06:23.7517626Z Included Software: https://github.com/actions/runner-images/blob/ubuntu24/20251215.174/images/ubuntu/Ubuntu2404-Readme.md
validate	Set up job	2025-12-30T07:06:23.7520062Z Image Release: https://github.com/actions/runner-images/releases/tag/ubuntu24%2F20251215.174
validate	Set up job	2025-12-30T07:06:23.7522018Z ##[endgroup]
validate	Set up job	2025-12-30T07:06:23.7523944Z ##[group]GITHUB_TOKEN Permissions
validate	Set up job	2025-12-30T07:06:23.7526428Z Contents: read
validate	Set up job	2025-12-30T07:06:23.7527336Z Metadata: read
validate	Set up job	2025-12-30T07:06:23.7528067Z Packages: read
validate	Set up job	2025-12-30T07:06:23.7528892Z ##[endgroup]
validate	Set up job	2025-12-30T07:06:23.7532049Z Secret source: Actions
validate	Set up job	2025-12-30T07:06:23.7533334Z Prepare workflow directory
validate	Set up job	2025-12-30T07:06:23.8004246Z Prepare all required actions
validate	Set up job	2025-12-30T07:06:23.8060128Z Getting action download info
validate	Set up job	2025-12-30T07:06:24.0560106Z Download action repository 'actions/checkout@v3' (SHA:f43a0e5ff2bd294095638e18286ca9a3d1956744)
validate	Set up job	2025-12-30T07:06:24.1829068Z Download action repository 'actions/setup-node@v3' (SHA:3235b876344d2a9aa001b8d1453c930bba69e610)
validate	Set up job	2025-12-30T07:06:24.4286688Z Complete job name: validate
validate	Run actions/checkout@v3	﻿2025-12-30T07:06:24.5008593Z ##[group]Run actions/checkout@v3
validate	Run actions/checkout@v3	2025-12-30T07:06:24.5009789Z with:
validate	Run actions/checkout@v3	2025-12-30T07:06:24.5010393Z   fetch-depth: 0
validate	Run actions/checkout@v3	2025-12-30T07:06:24.5011186Z   repository: MALIEV-Co-Ltd/Maliev.MessagingContracts
validate	Run actions/checkout@v3	2025-12-30T07:06:24.5012323Z   token: ***
validate	Run actions/checkout@v3	2025-12-30T07:06:24.5013108Z   ssh-strict: true
validate	Run actions/checkout@v3	2025-12-30T07:06:24.5013766Z   persist-credentials: true
validate	Run actions/checkout@v3	2025-12-30T07:06:24.5014459Z   clean: true
validate	Run actions/checkout@v3	2025-12-30T07:06:24.5015087Z   sparse-checkout-cone-mode: true
validate	Run actions/checkout@v3	2025-12-30T07:06:24.5015853Z   fetch-tags: false
validate	Run actions/checkout@v3	2025-12-30T07:06:24.5016459Z   lfs: false
validate	Run actions/checkout@v3	2025-12-30T07:06:24.5017040Z   submodules: false
validate	Run actions/checkout@v3	2025-12-30T07:06:24.5017668Z   set-safe-directory: true
validate	Run actions/checkout@v3	2025-12-30T07:06:24.5018715Z ##[endgroup]
validate	Run actions/checkout@v3	2025-12-30T07:06:24.5918904Z Syncing repository: MALIEV-Co-Ltd/Maliev.MessagingContracts
validate	Run actions/checkout@v3	2025-12-30T07:06:24.5921820Z ##[group]Getting Git version info
validate	Run actions/checkout@v3	2025-12-30T07:06:24.5923597Z Working directory is '/home/runner/work/Maliev.MessagingContracts/Maliev.MessagingContracts'
validate	Run actions/checkout@v3	2025-12-30T07:06:24.5925635Z [command]/usr/bin/git version
validate	Run actions/checkout@v3	2025-12-30T07:06:24.6001869Z git version 2.52.0
validate	Run actions/checkout@v3	2025-12-30T07:06:24.6030384Z ##[endgroup]
validate	Run actions/checkout@v3	2025-12-30T07:06:24.6046627Z Temporarily overriding HOME='/home/runner/work/_temp/4e3130d3-5007-46ab-aba5-a9a9ad5f1c55' before making global git config changes
validate	Run actions/checkout@v3	2025-12-30T07:06:24.6048981Z Adding repository directory to the temporary git global config as a safe directory
validate	Run actions/checkout@v3	2025-12-30T07:06:24.6051264Z [command]/usr/bin/git config --global --add safe.directory /home/runner/work/Maliev.MessagingContracts/Maliev.MessagingContracts
validate	Run actions/checkout@v3	2025-12-30T07:06:24.6090790Z Deleting the contents of '/home/runner/work/Maliev.MessagingContracts/Maliev.MessagingContracts'
validate	Run actions/checkout@v3	2025-12-30T07:06:24.6094752Z ##[group]Initializing the repository
validate	Run actions/checkout@v3	2025-12-30T07:06:24.6098876Z [command]/usr/bin/git init /home/runner/work/Maliev.MessagingContracts/Maliev.MessagingContracts
validate	Run actions/checkout@v3	2025-12-30T07:06:24.6225070Z hint: Using 'master' as the name for the initial branch. This default branch name
validate	Run actions/checkout@v3	2025-12-30T07:06:24.6226688Z hint: will change to "main" in Git 3.0. To configure the initial branch name
validate	Run actions/checkout@v3	2025-12-30T07:06:24.6227736Z hint: to use in all of your new repositories, which will suppress this warning,
validate	Run actions/checkout@v3	2025-12-30T07:06:24.6229216Z hint: call:
validate	Run actions/checkout@v3	2025-12-30T07:06:24.6229780Z hint:
validate	Run actions/checkout@v3	2025-12-30T07:06:24.6230309Z hint: 	git config --global init.defaultBranch <name>
validate	Run actions/checkout@v3	2025-12-30T07:06:24.6231338Z hint:
validate	Run actions/checkout@v3	2025-12-30T07:06:24.6232924Z hint: Names commonly chosen instead of 'master' are 'main', 'trunk' and
validate	Run actions/checkout@v3	2025-12-30T07:06:24.6234726Z hint: 'development'. The just-created branch can be renamed via this command:
validate	Run actions/checkout@v3	2025-12-30T07:06:24.6236146Z hint:
validate	Run actions/checkout@v3	2025-12-30T07:06:24.6236868Z hint: 	git branch -m <name>
validate	Run actions/checkout@v3	2025-12-30T07:06:24.6237657Z hint:
validate	Run actions/checkout@v3	2025-12-30T07:06:24.6238634Z hint: Disable this message with "git config set advice.defaultBranchName false"
validate	Run actions/checkout@v3	2025-12-30T07:06:24.6240659Z Initialized empty Git repository in /home/runner/work/Maliev.MessagingContracts/Maliev.MessagingContracts/.git/
validate	Run actions/checkout@v3	2025-12-30T07:06:24.6244050Z [command]/usr/bin/git remote add origin https://github.com/MALIEV-Co-Ltd/Maliev.MessagingContracts
validate	Run actions/checkout@v3	2025-12-30T07:06:24.6275246Z ##[endgroup]
validate	Run actions/checkout@v3	2025-12-30T07:06:24.6276429Z ##[group]Disabling automatic garbage collection
validate	Run actions/checkout@v3	2025-12-30T07:06:24.6278515Z [command]/usr/bin/git config --local gc.auto 0
validate	Run actions/checkout@v3	2025-12-30T07:06:24.6304302Z ##[endgroup]
validate	Run actions/checkout@v3	2025-12-30T07:06:24.6304993Z ##[group]Setting up auth
validate	Run actions/checkout@v3	2025-12-30T07:06:24.6309762Z [command]/usr/bin/git config --local --name-only --get-regexp core\.sshCommand
validate	Run actions/checkout@v3	2025-12-30T07:06:24.6335564Z [command]/usr/bin/git submodule foreach --recursive sh -c "git config --local --name-only --get-regexp 'core\.sshCommand' && git config --local --unset-all 'core.sshCommand' || :"
validate	Run actions/checkout@v3	2025-12-30T07:06:24.6674117Z [command]/usr/bin/git config --local --name-only --get-regexp http\.https\:\/\/github\.com\/\.extraheader
validate	Run actions/checkout@v3	2025-12-30T07:06:24.6699164Z [command]/usr/bin/git submodule foreach --recursive sh -c "git config --local --name-only --get-regexp 'http\.https\:\/\/github\.com\/\.extraheader' && git config --local --unset-all 'http.https://github.com/.extraheader' || :"
validate	Run actions/checkout@v3	2025-12-30T07:06:24.6915947Z [command]/usr/bin/git config --local http.https://github.com/.extraheader AUTHORIZATION: basic ***
validate	Run actions/checkout@v3	2025-12-30T07:06:24.6947474Z ##[endgroup]
validate	Run actions/checkout@v3	2025-12-30T07:06:24.6948716Z ##[group]Fetching the repository
validate	Run actions/checkout@v3	2025-12-30T07:06:24.6957118Z [command]/usr/bin/git -c protocol.version=2 fetch --prune --progress --no-recurse-submodules origin +refs/heads/*:refs/remotes/origin/* +refs/tags/*:refs/tags/*
validate	Run actions/checkout@v3	2025-12-30T07:06:24.8726749Z remote: Enumerating objects: 457, done.        
validate	Run actions/checkout@v3	2025-12-30T07:06:24.8728325Z remote: Counting objects:   0% (1/457)        
validate	Run actions/checkout@v3	2025-12-30T07:06:24.8729477Z remote: Counting objects:   1% (5/457)        
validate	Run actions/checkout@v3	2025-12-30T07:06:24.8730219Z remote: Counting objects:   2% (10/457)        
validate	Run actions/checkout@v3	2025-12-30T07:06:24.8730910Z remote: Counting objects:   3% (14/457)        
validate	Run actions/checkout@v3	2025-12-30T07:06:24.8731604Z remote: Counting objects:   4% (19/457)        
validate	Run actions/checkout@v3	2025-12-30T07:06:24.8732296Z remote: Counting objects:   5% (23/457)        
validate	Run actions/checkout@v3	2025-12-30T07:06:24.8733334Z remote: Counting objects:   6% (28/457)        
validate	Run actions/checkout@v3	2025-12-30T07:06:24.8734055Z remote: Counting objects:   7% (32/457)        
validate	Run actions/checkout@v3	2025-12-30T07:06:24.8734735Z remote: Counting objects:   8% (37/457)        
validate	Run actions/checkout@v3	2025-12-30T07:06:24.8735431Z remote: Counting objects:   9% (42/457)        
validate	Run actions/checkout@v3	2025-12-30T07:06:24.8736127Z remote: Counting objects:  10% (46/457)        
validate	Run actions/checkout@v3	2025-12-30T07:06:24.8736809Z remote: Counting objects:  11% (51/457)        
validate	Run actions/checkout@v3	2025-12-30T07:06:24.8737485Z remote: Counting objects:  12% (55/457)        
validate	Run actions/checkout@v3	2025-12-30T07:06:24.8738181Z remote: Counting objects:  13% (60/457)        
validate	Run actions/checkout@v3	2025-12-30T07:06:24.8738877Z remote: Counting objects:  14% (64/457)        
validate	Run actions/checkout@v3	2025-12-30T07:06:24.8739559Z remote: Counting objects:  15% (69/457)        
validate	Run actions/checkout@v3	2025-12-30T07:06:24.8740538Z remote: Counting objects:  16% (74/457)        
validate	Run actions/checkout@v3	2025-12-30T07:06:24.8741526Z remote: Counting objects:  17% (78/457)        
validate	Run actions/checkout@v3	2025-12-30T07:06:24.8742561Z remote: Counting objects:  18% (83/457)        
validate	Run actions/checkout@v3	2025-12-30T07:06:24.8743159Z remote: Counting objects:  19% (87/457)        
validate	Run actions/checkout@v3	2025-12-30T07:06:24.8743931Z remote: Counting objects:  20% (92/457)        
validate	Run actions/checkout@v3	2025-12-30T07:06:24.8744493Z remote: Counting objects:  21% (96/457)        
validate	Run actions/checkout@v3	2025-12-30T07:06:24.8745313Z remote: Counting objects:  22% (101/457)        
validate	Run actions/checkout@v3	2025-12-30T07:06:24.8745889Z remote: Counting objects:  23% (106/457)        
validate	Run actions/checkout@v3	2025-12-30T07:06:24.8746468Z remote: Counting objects:  24% (110/457)        
validate	Run actions/checkout@v3	2025-12-30T07:06:24.8747037Z remote: Counting objects:  25% (115/457)        
validate	Run actions/checkout@v3	2025-12-30T07:06:24.8747638Z remote: Counting objects:  26% (119/457)        
validate	Run actions/checkout@v3	2025-12-30T07:06:24.8748210Z remote: Counting objects:  27% (124/457)        
validate	Run actions/checkout@v3	2025-12-30T07:06:24.8748765Z remote: Counting objects:  28% (128/457)        
validate	Run actions/checkout@v3	2025-12-30T07:06:24.8749415Z remote: Counting objects:  29% (133/457)        
validate	Run actions/checkout@v3	2025-12-30T07:06:24.8749973Z remote: Counting objects:  30% (138/457)        
validate	Run actions/checkout@v3	2025-12-30T07:06:24.8750516Z remote: Counting objects:  31% (142/457)        
validate	Run actions/checkout@v3	2025-12-30T07:06:24.8751065Z remote: Counting objects:  32% (147/457)        
validate	Run actions/checkout@v3	2025-12-30T07:06:24.8751629Z remote: Counting objects:  33% (151/457)        
validate	Run actions/checkout@v3	2025-12-30T07:06:24.8752173Z remote: Counting objects:  34% (156/457)        
validate	Run actions/checkout@v3	2025-12-30T07:06:24.8753032Z remote: Counting objects:  35% (160/457)        
validate	Run actions/checkout@v3	2025-12-30T07:06:24.8753579Z remote: Counting objects:  36% (165/457)        
validate	Run actions/checkout@v3	2025-12-30T07:06:24.8754132Z remote: Counting objects:  37% (170/457)        
validate	Run actions/checkout@v3	2025-12-30T07:06:24.8754682Z remote: Counting objects:  38% (174/457)        
validate	Run actions/checkout@v3	2025-12-30T07:06:24.8755228Z remote: Counting objects:  39% (179/457)        
validate	Run actions/checkout@v3	2025-12-30T07:06:24.8755778Z remote: Counting objects:  40% (183/457)        
validate	Run actions/checkout@v3	2025-12-30T07:06:24.8756330Z remote: Counting objects:  41% (188/457)        
validate	Run actions/checkout@v3	2025-12-30T07:06:24.8756907Z remote: Counting objects:  42% (192/457)        
validate	Run actions/checkout@v3	2025-12-30T07:06:24.8757449Z remote: Counting objects:  43% (197/457)        
validate	Run actions/checkout@v3	2025-12-30T07:06:24.8757994Z remote: Counting objects:  44% (202/457)        
validate	Run actions/checkout@v3	2025-12-30T07:06:24.8758564Z remote: Counting objects:  45% (206/457)        
validate	Run actions/checkout@v3	2025-12-30T07:06:24.8759114Z remote: Counting objects:  46% (211/457)        
validate	Run actions/checkout@v3	2025-12-30T07:06:24.8759825Z remote: Counting objects:  47% (215/457)        
validate	Run actions/checkout@v3	2025-12-30T07:06:24.8760383Z remote: Counting objects:  48% (220/457)        
validate	Run actions/checkout@v3	2025-12-30T07:06:24.8760928Z remote: Counting objects:  49% (224/457)        
validate	Run actions/checkout@v3	2025-12-30T07:06:24.8761465Z remote: Counting objects:  50% (229/457)        
validate	Run actions/checkout@v3	2025-12-30T07:06:24.8762009Z remote: Counting objects:  51% (234/457)        
validate	Run actions/checkout@v3	2025-12-30T07:06:24.8762669Z remote: Counting objects:  52% (238/457)        
validate	Run actions/checkout@v3	2025-12-30T07:06:24.8763213Z remote: Counting objects:  53% (243/457)        
validate	Run actions/checkout@v3	2025-12-30T07:06:24.8763755Z remote: Counting objects:  54% (247/457)        
validate	Run actions/checkout@v3	2025-12-30T07:06:24.8764303Z remote: Counting objects:  55% (252/457)        
validate	Run actions/checkout@v3	2025-12-30T07:06:24.8764859Z remote: Counting objects:  56% (256/457)        
validate	Run actions/checkout@v3	2025-12-30T07:06:24.8765405Z remote: Counting objects:  57% (261/457)        
validate	Run actions/checkout@v3	2025-12-30T07:06:24.8766004Z remote: Counting objects:  58% (266/457)        
validate	Run actions/checkout@v3	2025-12-30T07:06:24.8766552Z remote: Counting objects:  59% (270/457)        
validate	Run actions/checkout@v3	2025-12-30T07:06:24.8767108Z remote: Counting objects:  60% (275/457)        
validate	Run actions/checkout@v3	2025-12-30T07:06:24.8767657Z remote: Counting objects:  61% (279/457)        
validate	Run actions/checkout@v3	2025-12-30T07:06:24.8768208Z remote: Counting objects:  62% (284/457)        
validate	Run actions/checkout@v3	2025-12-30T07:06:24.8768745Z remote: Counting objects:  63% (288/457)        
validate	Run actions/checkout@v3	2025-12-30T07:06:24.8769298Z remote: Counting objects:  64% (293/457)        
validate	Run actions/checkout@v3	2025-12-30T07:06:24.8769896Z remote: Counting objects:  65% (298/457)        
validate	Run actions/checkout@v3	2025-12-30T07:06:24.8770481Z remote: Counting objects:  66% (302/457)        
validate	Run actions/checkout@v3	2025-12-30T07:06:24.8771076Z remote: Counting objects:  67% (307/457)        
validate	Run actions/checkout@v3	2025-12-30T07:06:24.8771613Z remote: Counting objects:  68% (311/457)        
validate	Run actions/checkout@v3	2025-12-30T07:06:24.8772166Z remote: Counting objects:  69% (316/457)        
validate	Run actions/checkout@v3	2025-12-30T07:06:24.8772991Z remote: Counting objects:  70% (320/457)        
validate	Run actions/checkout@v3	2025-12-30T07:06:24.8773548Z remote: Counting objects:  71% (325/457)        
validate	Run actions/checkout@v3	2025-12-30T07:06:24.8774096Z remote: Counting objects:  72% (330/457)        
validate	Run actions/checkout@v3	2025-12-30T07:06:24.8774644Z remote: Counting objects:  73% (334/457)        
validate	Run actions/checkout@v3	2025-12-30T07:06:24.8775338Z remote: Counting objects:  74% (339/457)        
validate	Run actions/checkout@v3	2025-12-30T07:06:24.8775868Z remote: Counting objects:  75% (343/457)        
validate	Run actions/checkout@v3	2025-12-30T07:06:24.8776406Z remote: Counting objects:  76% (348/457)        
validate	Run actions/checkout@v3	2025-12-30T07:06:24.8776950Z remote: Counting objects:  77% (352/457)        
validate	Run actions/checkout@v3	2025-12-30T07:06:24.8777490Z remote: Counting objects:  78% (357/457)        
validate	Run actions/checkout@v3	2025-12-30T07:06:24.8778039Z remote: Counting objects:  79% (362/457)        
validate	Run actions/checkout@v3	2025-12-30T07:06:24.8778578Z remote: Counting objects:  80% (366/457)        
validate	Run actions/checkout@v3	2025-12-30T07:06:24.8779120Z remote: Counting objects:  81% (371/457)        
validate	Run actions/checkout@v3	2025-12-30T07:06:24.8779657Z remote: Counting objects:  82% (375/457)        
validate	Run actions/checkout@v3	2025-12-30T07:06:24.8780202Z remote: Counting objects:  83% (380/457)        
validate	Run actions/checkout@v3	2025-12-30T07:06:24.8780743Z remote: Counting objects:  84% (384/457)        
validate	Run actions/checkout@v3	2025-12-30T07:06:24.8781287Z remote: Counting objects:  85% (389/457)        
validate	Run actions/checkout@v3	2025-12-30T07:06:24.8781840Z remote: Counting objects:  86% (394/457)        
validate	Run actions/checkout@v3	2025-12-30T07:06:24.8782373Z remote: Counting objects:  87% (398/457)        
validate	Run actions/checkout@v3	2025-12-30T07:06:24.8783037Z remote: Counting objects:  88% (403/457)        
validate	Run actions/checkout@v3	2025-12-30T07:06:24.8783589Z remote: Counting objects:  89% (407/457)        
validate	Run actions/checkout@v3	2025-12-30T07:06:24.8784138Z remote: Counting objects:  90% (412/457)        
validate	Run actions/checkout@v3	2025-12-30T07:06:24.8784672Z remote: Counting objects:  91% (416/457)        
validate	Run actions/checkout@v3	2025-12-30T07:06:24.8785215Z remote: Counting objects:  92% (421/457)        
validate	Run actions/checkout@v3	2025-12-30T07:06:24.8785751Z remote: Counting objects:  93% (426/457)        
validate	Run actions/checkout@v3	2025-12-30T07:06:24.8786296Z remote: Counting objects:  94% (430/457)        
validate	Run actions/checkout@v3	2025-12-30T07:06:24.8786849Z remote: Counting objects:  95% (435/457)        
validate	Run actions/checkout@v3	2025-12-30T07:06:24.8787434Z remote: Counting objects:  96% (439/457)        
validate	Run actions/checkout@v3	2025-12-30T07:06:24.8787978Z remote: Counting objects:  97% (444/457)        
validate	Run actions/checkout@v3	2025-12-30T07:06:24.8788514Z remote: Counting objects:  98% (448/457)        
validate	Run actions/checkout@v3	2025-12-30T07:06:24.8789190Z remote: Counting objects:  99% (453/457)        
validate	Run actions/checkout@v3	2025-12-30T07:06:24.8789730Z remote: Counting objects: 100% (457/457)        
validate	Run actions/checkout@v3	2025-12-30T07:06:24.8790353Z remote: Counting objects: 100% (457/457), done.        
validate	Run actions/checkout@v3	2025-12-30T07:06:24.8790960Z remote: Compressing objects:   0% (1/281)        
validate	Run actions/checkout@v3	2025-12-30T07:06:24.8791522Z remote: Compressing objects:   1% (3/281)        
validate	Run actions/checkout@v3	2025-12-30T07:06:24.8792079Z remote: Compressing objects:   2% (6/281)        
validate	Run actions/checkout@v3	2025-12-30T07:06:24.8792734Z remote: Compressing objects:   3% (9/281)        
validate	Run actions/checkout@v3	2025-12-30T07:06:24.8842602Z remote: Compressing objects:   4% (12/281)        
validate	Run actions/checkout@v3	2025-12-30T07:06:24.8844869Z remote: Compressing objects:   5% (15/281)        
validate	Run actions/checkout@v3	2025-12-30T07:06:24.8846276Z remote: Compressing objects:   6% (17/281)        
validate	Run actions/checkout@v3	2025-12-30T07:06:24.8847776Z remote: Compressing objects:   7% (20/281)        
validate	Run actions/checkout@v3	2025-12-30T07:06:24.8849285Z remote: Compressing objects:   8% (23/281)        
validate	Run actions/checkout@v3	2025-12-30T07:06:24.8850259Z remote: Compressing objects:   9% (26/281)        
validate	Run actions/checkout@v3	2025-12-30T07:06:24.8851042Z remote: Compressing objects:  10% (29/281)        
validate	Run actions/checkout@v3	2025-12-30T07:06:24.8866832Z remote: Compressing objects:  11% (31/281)        
validate	Run actions/checkout@v3	2025-12-30T07:06:24.8867539Z remote: Compressing objects:  12% (34/281)        
validate	Run actions/checkout@v3	2025-12-30T07:06:24.8870943Z remote: Compressing objects:  13% (37/281)        
validate	Run actions/checkout@v3	2025-12-30T07:06:24.8883823Z remote: Compressing objects:  14% (40/281)        
validate	Run actions/checkout@v3	2025-12-30T07:06:24.8884977Z remote: Compressing objects:  15% (43/281)        
validate	Run actions/checkout@v3	2025-12-30T07:06:24.8886068Z remote: Compressing objects:  16% (45/281)        
validate	Run actions/checkout@v3	2025-12-30T07:06:24.8887049Z remote: Compressing objects:  17% (48/281)        
validate	Run actions/checkout@v3	2025-12-30T07:06:24.8888062Z remote: Compressing objects:  18% (51/281)        
validate	Run actions/checkout@v3	2025-12-30T07:06:24.8888718Z remote: Compressing objects:  19% (54/281)        
validate	Run actions/checkout@v3	2025-12-30T07:06:24.8889505Z remote: Compressing objects:  20% (57/281)        
validate	Run actions/checkout@v3	2025-12-30T07:06:24.8890104Z remote: Compressing objects:  21% (60/281)        
validate	Run actions/checkout@v3	2025-12-30T07:06:24.8890664Z remote: Compressing objects:  22% (62/281)        
validate	Run actions/checkout@v3	2025-12-30T07:06:24.8896773Z remote: Compressing objects:  23% (65/281)        
validate	Run actions/checkout@v3	2025-12-30T07:06:24.8897628Z remote: Compressing objects:  24% (68/281)        
validate	Run actions/checkout@v3	2025-12-30T07:06:24.8907330Z remote: Compressing objects:  25% (71/281)        
validate	Run actions/checkout@v3	2025-12-30T07:06:24.8909908Z remote: Compressing objects:  26% (74/281)        
validate	Run actions/checkout@v3	2025-12-30T07:06:24.8913478Z remote: Compressing objects:  27% (76/281)        
validate	Run actions/checkout@v3	2025-12-30T07:06:24.8915105Z remote: Compressing objects:  28% (79/281)        
validate	Run actions/checkout@v3	2025-12-30T07:06:24.8920949Z remote: Compressing objects:  29% (82/281)        
validate	Run actions/checkout@v3	2025-12-30T07:06:24.8923188Z remote: Compressing objects:  30% (85/281)        
validate	Run actions/checkout@v3	2025-12-30T07:06:24.8924551Z remote: Compressing objects:  31% (88/281)        
validate	Run actions/checkout@v3	2025-12-30T07:06:24.8932897Z remote: Compressing objects:  32% (90/281)        
validate	Run actions/checkout@v3	2025-12-30T07:06:24.8934312Z remote: Compressing objects:  33% (93/281)        
validate	Run actions/checkout@v3	2025-12-30T07:06:24.8936060Z remote: Compressing objects:  34% (96/281)        
validate	Run actions/checkout@v3	2025-12-30T07:06:24.8937116Z remote: Compressing objects:  35% (99/281)        
validate	Run actions/checkout@v3	2025-12-30T07:06:24.8939025Z remote: Compressing objects:  36% (102/281)        
validate	Run actions/checkout@v3	2025-12-30T07:06:24.8941513Z remote: Compressing objects:  37% (104/281)        
validate	Run actions/checkout@v3	2025-12-30T07:06:24.8949263Z remote: Compressing objects:  38% (107/281)        
validate	Run actions/checkout@v3	2025-12-30T07:06:24.8950097Z remote: Compressing objects:  39% (110/281)        
validate	Run actions/checkout@v3	2025-12-30T07:06:24.8951232Z remote: Compressing objects:  40% (113/281)        
validate	Run actions/checkout@v3	2025-12-30T07:06:24.8954321Z remote: Compressing objects:  41% (116/281)        
validate	Run actions/checkout@v3	2025-12-30T07:06:24.8955686Z remote: Compressing objects:  42% (119/281)        
validate	Run actions/checkout@v3	2025-12-30T07:06:24.8956879Z remote: Compressing objects:  43% (121/281)        
validate	Run actions/checkout@v3	2025-12-30T07:06:24.8958034Z remote: Compressing objects:  44% (124/281)        
validate	Run actions/checkout@v3	2025-12-30T07:06:24.8959304Z remote: Compressing objects:  45% (127/281)        
validate	Run actions/checkout@v3	2025-12-30T07:06:24.8960266Z remote: Compressing objects:  46% (130/281)        
validate	Run actions/checkout@v3	2025-12-30T07:06:24.8961293Z remote: Compressing objects:  47% (133/281)        
validate	Run actions/checkout@v3	2025-12-30T07:06:24.8962741Z remote: Compressing objects:  48% (135/281)        
validate	Run actions/checkout@v3	2025-12-30T07:06:24.8963827Z remote: Compressing objects:  49% (138/281)        
validate	Run actions/checkout@v3	2025-12-30T07:06:24.8964816Z remote: Compressing objects:  50% (141/281)        
validate	Run actions/checkout@v3	2025-12-30T07:06:24.8965852Z remote: Compressing objects:  51% (144/281)        
validate	Run actions/checkout@v3	2025-12-30T07:06:24.8966805Z remote: Compressing objects:  52% (147/281)        
validate	Run actions/checkout@v3	2025-12-30T07:06:24.8967823Z remote: Compressing objects:  53% (149/281)        
validate	Run actions/checkout@v3	2025-12-30T07:06:24.8968903Z remote: Compressing objects:  54% (152/281)        
validate	Run actions/checkout@v3	2025-12-30T07:06:24.8969860Z remote: Compressing objects:  55% (155/281)        
validate	Run actions/checkout@v3	2025-12-30T07:06:24.8970873Z remote: Compressing objects:  56% (158/281)        
validate	Run actions/checkout@v3	2025-12-30T07:06:24.8971822Z remote: Compressing objects:  57% (161/281)        
validate	Run actions/checkout@v3	2025-12-30T07:06:24.8972989Z remote: Compressing objects:  58% (163/281)        
validate	Run actions/checkout@v3	2025-12-30T07:06:24.8974007Z remote: Compressing objects:  59% (166/281)        
validate	Run actions/checkout@v3	2025-12-30T07:06:24.8974939Z remote: Compressing objects:  60% (169/281)        
validate	Run actions/checkout@v3	2025-12-30T07:06:24.8975897Z remote: Compressing objects:  61% (172/281)        
validate	Run actions/checkout@v3	2025-12-30T07:06:24.8976837Z remote: Compressing objects:  62% (175/281)        
validate	Run actions/checkout@v3	2025-12-30T07:06:24.8977502Z remote: Compressing objects:  63% (178/281)        
validate	Run actions/checkout@v3	2025-12-30T07:06:24.8978140Z remote: Compressing objects:  64% (180/281)        
validate	Run actions/checkout@v3	2025-12-30T07:06:24.8978858Z remote: Compressing objects:  65% (183/281)        
validate	Run actions/checkout@v3	2025-12-30T07:06:24.8979850Z remote: Compressing objects:  66% (186/281)        
validate	Run actions/checkout@v3	2025-12-30T07:06:24.8980675Z remote: Compressing objects:  67% (189/281)        
validate	Run actions/checkout@v3	2025-12-30T07:06:24.8981288Z remote: Compressing objects:  68% (192/281)        
validate	Run actions/checkout@v3	2025-12-30T07:06:24.8981900Z remote: Compressing objects:  69% (194/281)        
validate	Run actions/checkout@v3	2025-12-30T07:06:24.8982663Z remote: Compressing objects:  70% (197/281)        
validate	Run actions/checkout@v3	2025-12-30T07:06:24.8983282Z remote: Compressing objects:  71% (200/281)        
validate	Run actions/checkout@v3	2025-12-30T07:06:24.8984157Z remote: Compressing objects:  72% (203/281)        
validate	Run actions/checkout@v3	2025-12-30T07:06:24.8984880Z remote: Compressing objects:  73% (206/281)        
validate	Run actions/checkout@v3	2025-12-30T07:06:24.8985701Z remote: Compressing objects:  74% (208/281)        
validate	Run actions/checkout@v3	2025-12-30T07:06:24.8986535Z remote: Compressing objects:  75% (211/281)        
validate	Run actions/checkout@v3	2025-12-30T07:06:24.8987147Z remote: Compressing objects:  76% (214/281)        
validate	Run actions/checkout@v3	2025-12-30T07:06:24.8987753Z remote: Compressing objects:  77% (217/281)        
validate	Run actions/checkout@v3	2025-12-30T07:06:24.8988310Z remote: Compressing objects:  78% (220/281)        
validate	Run actions/checkout@v3	2025-12-30T07:06:24.8988867Z remote: Compressing objects:  79% (222/281)        
validate	Run actions/checkout@v3	2025-12-30T07:06:24.8989465Z remote: Compressing objects:  80% (225/281)        
validate	Run actions/checkout@v3	2025-12-30T07:06:24.8990072Z remote: Compressing objects:  81% (228/281)        
validate	Run actions/checkout@v3	2025-12-30T07:06:24.8990626Z remote: Compressing objects:  82% (231/281)        
validate	Run actions/checkout@v3	2025-12-30T07:06:24.8991184Z remote: Compressing objects:  83% (234/281)        
validate	Run actions/checkout@v3	2025-12-30T07:06:24.8991786Z remote: Compressing objects:  84% (237/281)        
validate	Run actions/checkout@v3	2025-12-30T07:06:24.8992486Z remote: Compressing objects:  85% (239/281)        
validate	Run actions/checkout@v3	2025-12-30T07:06:24.8993076Z remote: Compressing objects:  86% (242/281)        
validate	Run actions/checkout@v3	2025-12-30T07:06:24.8993632Z remote: Compressing objects:  87% (245/281)        
validate	Run actions/checkout@v3	2025-12-30T07:06:24.8994210Z remote: Compressing objects:  88% (248/281)        
validate	Run actions/checkout@v3	2025-12-30T07:06:24.8994807Z remote: Compressing objects:  89% (251/281)        
validate	Run actions/checkout@v3	2025-12-30T07:06:24.8995396Z remote: Compressing objects:  90% (253/281)        
validate	Run actions/checkout@v3	2025-12-30T07:06:24.8995949Z remote: Compressing objects:  91% (256/281)        
validate	Run actions/checkout@v3	2025-12-30T07:06:24.8996513Z remote: Compressing objects:  92% (259/281)        
validate	Run actions/checkout@v3	2025-12-30T07:06:24.8997060Z remote: Compressing objects:  93% (262/281)        
validate	Run actions/checkout@v3	2025-12-30T07:06:24.8997617Z remote: Compressing objects:  94% (265/281)        
validate	Run actions/checkout@v3	2025-12-30T07:06:24.8998174Z remote: Compressing objects:  95% (267/281)        
validate	Run actions/checkout@v3	2025-12-30T07:06:24.8998949Z remote: Compressing objects:  96% (270/281)        
validate	Run actions/checkout@v3	2025-12-30T07:06:24.8999580Z remote: Compressing objects:  97% (273/281)        
validate	Run actions/checkout@v3	2025-12-30T07:06:24.9000140Z remote: Compressing objects:  98% (276/281)        
validate	Run actions/checkout@v3	2025-12-30T07:06:24.9000900Z remote: Compressing objects:  99% (279/281)        
validate	Run actions/checkout@v3	2025-12-30T07:06:24.9001462Z remote: Compressing objects: 100% (281/281)        
validate	Run actions/checkout@v3	2025-12-30T07:06:24.9002066Z remote: Compressing objects: 100% (281/281), done.        
validate	Run actions/checkout@v3	2025-12-30T07:06:24.9035015Z Receiving objects:   0% (1/457)
validate	Run actions/checkout@v3	2025-12-30T07:06:24.9036527Z Receiving objects:   1% (5/457)
validate	Run actions/checkout@v3	2025-12-30T07:06:24.9037317Z Receiving objects:   2% (10/457)
validate	Run actions/checkout@v3	2025-12-30T07:06:24.9038160Z Receiving objects:   3% (14/457)
validate	Run actions/checkout@v3	2025-12-30T07:06:24.9039241Z Receiving objects:   4% (19/457)
validate	Run actions/checkout@v3	2025-12-30T07:06:24.9040042Z Receiving objects:   5% (23/457)
validate	Run actions/checkout@v3	2025-12-30T07:06:24.9041112Z Receiving objects:   6% (28/457)
validate	Run actions/checkout@v3	2025-12-30T07:06:24.9041977Z Receiving objects:   7% (32/457)
validate	Run actions/checkout@v3	2025-12-30T07:06:24.9043320Z Receiving objects:   8% (37/457)
validate	Run actions/checkout@v3	2025-12-30T07:06:24.9044243Z Receiving objects:   9% (42/457)
validate	Run actions/checkout@v3	2025-12-30T07:06:24.9045133Z Receiving objects:  10% (46/457)
validate	Run actions/checkout@v3	2025-12-30T07:06:24.9048964Z Receiving objects:  11% (51/457)
validate	Run actions/checkout@v3	2025-12-30T07:06:24.9053518Z Receiving objects:  12% (55/457)
validate	Run actions/checkout@v3	2025-12-30T07:06:24.9054343Z Receiving objects:  13% (60/457)
validate	Run actions/checkout@v3	2025-12-30T07:06:24.9058197Z Receiving objects:  14% (64/457)
validate	Run actions/checkout@v3	2025-12-30T07:06:24.9062836Z Receiving objects:  15% (69/457)
validate	Run actions/checkout@v3	2025-12-30T07:06:24.9065431Z Receiving objects:  16% (74/457)
validate	Run actions/checkout@v3	2025-12-30T07:06:24.9066276Z Receiving objects:  17% (78/457)
validate	Run actions/checkout@v3	2025-12-30T07:06:24.9066965Z Receiving objects:  18% (83/457)
validate	Run actions/checkout@v3	2025-12-30T07:06:24.9067754Z Receiving objects:  19% (87/457)
validate	Run actions/checkout@v3	2025-12-30T07:06:24.9068534Z Receiving objects:  20% (92/457)
validate	Run actions/checkout@v3	2025-12-30T07:06:24.9070055Z Receiving objects:  21% (96/457)
validate	Run actions/checkout@v3	2025-12-30T07:06:24.9072165Z Receiving objects:  22% (101/457)
validate	Run actions/checkout@v3	2025-12-30T07:06:24.9073979Z Receiving objects:  23% (106/457)
validate	Run actions/checkout@v3	2025-12-30T07:06:24.9074990Z Receiving objects:  24% (110/457)
validate	Run actions/checkout@v3	2025-12-30T07:06:24.9075853Z Receiving objects:  25% (115/457)
validate	Run actions/checkout@v3	2025-12-30T07:06:24.9076919Z Receiving objects:  26% (119/457)
validate	Run actions/checkout@v3	2025-12-30T07:06:24.9077817Z Receiving objects:  27% (124/457)
validate	Run actions/checkout@v3	2025-12-30T07:06:24.9078665Z Receiving objects:  28% (128/457)
validate	Run actions/checkout@v3	2025-12-30T07:06:24.9079498Z Receiving objects:  29% (133/457)
validate	Run actions/checkout@v3	2025-12-30T07:06:24.9080342Z Receiving objects:  30% (138/457)
validate	Run actions/checkout@v3	2025-12-30T07:06:24.9081161Z Receiving objects:  31% (142/457)
validate	Run actions/checkout@v3	2025-12-30T07:06:24.9082096Z Receiving objects:  32% (147/457)
validate	Run actions/checkout@v3	2025-12-30T07:06:24.9083157Z Receiving objects:  33% (151/457)
validate	Run actions/checkout@v3	2025-12-30T07:06:24.9084073Z Receiving objects:  34% (156/457)
validate	Run actions/checkout@v3	2025-12-30T07:06:24.9084879Z Receiving objects:  35% (160/457)
validate	Run actions/checkout@v3	2025-12-30T07:06:24.9085553Z Receiving objects:  36% (165/457)
validate	Run actions/checkout@v3	2025-12-30T07:06:24.9086020Z Receiving objects:  37% (170/457)
validate	Run actions/checkout@v3	2025-12-30T07:06:24.9088579Z Receiving objects:  38% (174/457)
validate	Run actions/checkout@v3	2025-12-30T07:06:24.9089336Z Receiving objects:  39% (179/457)
validate	Run actions/checkout@v3	2025-12-30T07:06:24.9157199Z Receiving objects:  40% (183/457)
validate	Run actions/checkout@v3	2025-12-30T07:06:24.9158187Z Receiving objects:  41% (188/457)
validate	Run actions/checkout@v3	2025-12-30T07:06:24.9158986Z Receiving objects:  42% (192/457)
validate	Run actions/checkout@v3	2025-12-30T07:06:24.9159785Z Receiving objects:  43% (197/457)
validate	Run actions/checkout@v3	2025-12-30T07:06:24.9160453Z Receiving objects:  44% (202/457)
validate	Run actions/checkout@v3	2025-12-30T07:06:24.9162363Z Receiving objects:  45% (206/457)
validate	Run actions/checkout@v3	2025-12-30T07:06:24.9165283Z Receiving objects:  46% (211/457)
validate	Run actions/checkout@v3	2025-12-30T07:06:24.9166792Z Receiving objects:  47% (215/457)
validate	Run actions/checkout@v3	2025-12-30T07:06:24.9169489Z Receiving objects:  48% (220/457)
validate	Run actions/checkout@v3	2025-12-30T07:06:24.9171122Z Receiving objects:  49% (224/457)
validate	Run actions/checkout@v3	2025-12-30T07:06:24.9173856Z Receiving objects:  50% (229/457)
validate	Run actions/checkout@v3	2025-12-30T07:06:24.9175017Z Receiving objects:  51% (234/457)
validate	Run actions/checkout@v3	2025-12-30T07:06:24.9175819Z Receiving objects:  52% (238/457)
validate	Run actions/checkout@v3	2025-12-30T07:06:24.9176854Z remote: Total 457 (delta 168), reused 393 (delta 111), pack-reused 0 (from 0)        
validate	Run actions/checkout@v3	2025-12-30T07:06:24.9178004Z Receiving objects:  53% (243/457)
validate	Run actions/checkout@v3	2025-12-30T07:06:24.9178738Z Receiving objects:  54% (247/457)
validate	Run actions/checkout@v3	2025-12-30T07:06:24.9179472Z Receiving objects:  55% (252/457)
validate	Run actions/checkout@v3	2025-12-30T07:06:24.9180206Z Receiving objects:  56% (256/457)
validate	Run actions/checkout@v3	2025-12-30T07:06:24.9180933Z Receiving objects:  57% (261/457)
validate	Run actions/checkout@v3	2025-12-30T07:06:24.9181656Z Receiving objects:  58% (266/457)
validate	Run actions/checkout@v3	2025-12-30T07:06:24.9182853Z Receiving objects:  59% (270/457)
validate	Run actions/checkout@v3	2025-12-30T07:06:24.9183628Z Receiving objects:  60% (275/457)
validate	Run actions/checkout@v3	2025-12-30T07:06:24.9184383Z Receiving objects:  61% (279/457)
validate	Run actions/checkout@v3	2025-12-30T07:06:24.9185111Z Receiving objects:  62% (284/457)
validate	Run actions/checkout@v3	2025-12-30T07:06:24.9185847Z Receiving objects:  63% (288/457)
validate	Run actions/checkout@v3	2025-12-30T07:06:24.9186577Z Receiving objects:  64% (293/457)
validate	Run actions/checkout@v3	2025-12-30T07:06:24.9187346Z Receiving objects:  65% (298/457)
validate	Run actions/checkout@v3	2025-12-30T07:06:24.9188085Z Receiving objects:  66% (302/457)
validate	Run actions/checkout@v3	2025-12-30T07:06:24.9188805Z Receiving objects:  67% (307/457)
validate	Run actions/checkout@v3	2025-12-30T07:06:24.9189675Z Receiving objects:  68% (311/457)
validate	Run actions/checkout@v3	2025-12-30T07:06:24.9190470Z Receiving objects:  69% (316/457)
validate	Run actions/checkout@v3	2025-12-30T07:06:24.9191227Z Receiving objects:  70% (320/457)
validate	Run actions/checkout@v3	2025-12-30T07:06:24.9191959Z Receiving objects:  71% (325/457)
validate	Run actions/checkout@v3	2025-12-30T07:06:24.9192829Z Receiving objects:  72% (330/457)
validate	Run actions/checkout@v3	2025-12-30T07:06:24.9193547Z Receiving objects:  73% (334/457)
validate	Run actions/checkout@v3	2025-12-30T07:06:24.9194265Z Receiving objects:  74% (339/457)
validate	Run actions/checkout@v3	2025-12-30T07:06:24.9195004Z Receiving objects:  75% (343/457)
validate	Run actions/checkout@v3	2025-12-30T07:06:24.9195710Z Receiving objects:  76% (348/457)
validate	Run actions/checkout@v3	2025-12-30T07:06:24.9196444Z Receiving objects:  77% (352/457)
validate	Run actions/checkout@v3	2025-12-30T07:06:24.9197145Z Receiving objects:  78% (357/457)
validate	Run actions/checkout@v3	2025-12-30T07:06:24.9197860Z Receiving objects:  79% (362/457)
validate	Run actions/checkout@v3	2025-12-30T07:06:24.9198603Z Receiving objects:  80% (366/457)
validate	Run actions/checkout@v3	2025-12-30T07:06:24.9199347Z Receiving objects:  81% (371/457)
validate	Run actions/checkout@v3	2025-12-30T07:06:24.9200086Z Receiving objects:  82% (375/457)
validate	Run actions/checkout@v3	2025-12-30T07:06:24.9200837Z Receiving objects:  83% (380/457)
validate	Run actions/checkout@v3	2025-12-30T07:06:24.9201583Z Receiving objects:  84% (384/457)
validate	Run actions/checkout@v3	2025-12-30T07:06:24.9202324Z Receiving objects:  85% (389/457)
validate	Run actions/checkout@v3	2025-12-30T07:06:24.9203337Z Receiving objects:  86% (394/457)
validate	Run actions/checkout@v3	2025-12-30T07:06:24.9204043Z Receiving objects:  87% (398/457)
validate	Run actions/checkout@v3	2025-12-30T07:06:24.9204754Z Receiving objects:  88% (403/457)
validate	Run actions/checkout@v3	2025-12-30T07:06:24.9205466Z Receiving objects:  89% (407/457)
validate	Run actions/checkout@v3	2025-12-30T07:06:24.9206203Z Receiving objects:  90% (412/457)
validate	Run actions/checkout@v3	2025-12-30T07:06:24.9206994Z Receiving objects:  91% (416/457)
validate	Run actions/checkout@v3	2025-12-30T07:06:24.9207751Z Receiving objects:  92% (421/457)
validate	Run actions/checkout@v3	2025-12-30T07:06:24.9208486Z Receiving objects:  93% (426/457)
validate	Run actions/checkout@v3	2025-12-30T07:06:24.9209529Z Receiving objects:  94% (430/457)
validate	Run actions/checkout@v3	2025-12-30T07:06:24.9210163Z Receiving objects:  95% (435/457)
validate	Run actions/checkout@v3	2025-12-30T07:06:24.9210613Z Receiving objects:  96% (439/457)
validate	Run actions/checkout@v3	2025-12-30T07:06:24.9211067Z Receiving objects:  97% (444/457)
validate	Run actions/checkout@v3	2025-12-30T07:06:24.9211519Z Receiving objects:  98% (448/457)
validate	Run actions/checkout@v3	2025-12-30T07:06:24.9211970Z Receiving objects:  99% (453/457)
validate	Run actions/checkout@v3	2025-12-30T07:06:24.9212607Z Receiving objects: 100% (457/457)
validate	Run actions/checkout@v3	2025-12-30T07:06:24.9213286Z Receiving objects: 100% (457/457), 409.13 KiB | 25.57 MiB/s, done.
validate	Run actions/checkout@v3	2025-12-30T07:06:24.9213908Z Resolving deltas:   0% (0/168)
validate	Run actions/checkout@v3	2025-12-30T07:06:24.9214351Z Resolving deltas:   1% (2/168)
validate	Run actions/checkout@v3	2025-12-30T07:06:24.9214788Z Resolving deltas:   2% (4/168)
validate	Run actions/checkout@v3	2025-12-30T07:06:24.9215224Z Resolving deltas:   3% (6/168)
validate	Run actions/checkout@v3	2025-12-30T07:06:24.9215668Z Resolving deltas:   4% (7/168)
validate	Run actions/checkout@v3	2025-12-30T07:06:24.9216098Z Resolving deltas:   5% (10/168)
validate	Run actions/checkout@v3	2025-12-30T07:06:24.9216555Z Resolving deltas:   6% (11/168)
validate	Run actions/checkout@v3	2025-12-30T07:06:24.9216987Z Resolving deltas:   7% (12/168)
validate	Run actions/checkout@v3	2025-12-30T07:06:24.9217437Z Resolving deltas:   8% (14/168)
validate	Run actions/checkout@v3	2025-12-30T07:06:24.9217875Z Resolving deltas:   9% (16/168)
validate	Run actions/checkout@v3	2025-12-30T07:06:24.9218303Z Resolving deltas:  10% (17/168)
validate	Run actions/checkout@v3	2025-12-30T07:06:24.9218736Z Resolving deltas:  11% (19/168)
validate	Run actions/checkout@v3	2025-12-30T07:06:24.9219161Z Resolving deltas:  12% (21/168)
validate	Run actions/checkout@v3	2025-12-30T07:06:24.9219594Z Resolving deltas:  13% (22/168)
validate	Run actions/checkout@v3	2025-12-30T07:06:24.9220072Z Resolving deltas:  14% (24/168)
validate	Run actions/checkout@v3	2025-12-30T07:06:24.9220549Z Resolving deltas:  15% (26/168)
validate	Run actions/checkout@v3	2025-12-30T07:06:24.9220980Z Resolving deltas:  16% (27/168)
validate	Run actions/checkout@v3	2025-12-30T07:06:24.9221418Z Resolving deltas:  17% (29/168)
validate	Run actions/checkout@v3	2025-12-30T07:06:24.9221841Z Resolving deltas:  18% (31/168)
validate	Run actions/checkout@v3	2025-12-30T07:06:24.9222281Z Resolving deltas:  19% (32/168)
validate	Run actions/checkout@v3	2025-12-30T07:06:24.9222924Z Resolving deltas:  20% (34/168)
validate	Run actions/checkout@v3	2025-12-30T07:06:24.9223353Z Resolving deltas:  21% (36/168)
validate	Run actions/checkout@v3	2025-12-30T07:06:24.9223955Z Resolving deltas:  22% (37/168)
validate	Run actions/checkout@v3	2025-12-30T07:06:24.9224437Z Resolving deltas:  23% (39/168)
validate	Run actions/checkout@v3	2025-12-30T07:06:24.9224926Z Resolving deltas:  24% (41/168)
validate	Run actions/checkout@v3	2025-12-30T07:06:24.9225354Z Resolving deltas:  25% (42/168)
validate	Run actions/checkout@v3	2025-12-30T07:06:24.9225787Z Resolving deltas:  26% (44/168)
validate	Run actions/checkout@v3	2025-12-30T07:06:24.9226216Z Resolving deltas:  27% (46/168)
validate	Run actions/checkout@v3	2025-12-30T07:06:24.9226651Z Resolving deltas:  28% (48/168)
validate	Run actions/checkout@v3	2025-12-30T07:06:24.9227110Z Resolving deltas:  29% (49/168)
validate	Run actions/checkout@v3	2025-12-30T07:06:24.9227583Z Resolving deltas:  30% (51/168)
validate	Run actions/checkout@v3	2025-12-30T07:06:24.9228067Z Resolving deltas:  31% (53/168)
validate	Run actions/checkout@v3	2025-12-30T07:06:24.9228542Z Resolving deltas:  32% (54/168)
validate	Run actions/checkout@v3	2025-12-30T07:06:24.9229060Z Resolving deltas:  33% (56/168)
validate	Run actions/checkout@v3	2025-12-30T07:06:24.9229760Z Resolving deltas:  35% (59/168)
validate	Run actions/checkout@v3	2025-12-30T07:06:24.9230539Z Resolving deltas:  36% (61/168)
validate	Run actions/checkout@v3	2025-12-30T07:06:24.9231330Z Resolving deltas:  37% (63/168)
validate	Run actions/checkout@v3	2025-12-30T07:06:24.9232171Z Resolving deltas:  38% (64/168)
validate	Run actions/checkout@v3	2025-12-30T07:06:24.9233138Z Resolving deltas:  39% (66/168)
validate	Run actions/checkout@v3	2025-12-30T07:06:24.9233888Z Resolving deltas:  40% (68/168)
validate	Run actions/checkout@v3	2025-12-30T07:06:24.9234627Z Resolving deltas:  41% (69/168)
validate	Run actions/checkout@v3	2025-12-30T07:06:24.9235358Z Resolving deltas:  42% (71/168)
validate	Run actions/checkout@v3	2025-12-30T07:06:24.9236080Z Resolving deltas:  43% (73/168)
validate	Run actions/checkout@v3	2025-12-30T07:06:24.9236783Z Resolving deltas:  44% (74/168)
validate	Run actions/checkout@v3	2025-12-30T07:06:24.9237498Z Resolving deltas:  45% (76/168)
validate	Run actions/checkout@v3	2025-12-30T07:06:24.9238185Z Resolving deltas:  46% (78/168)
validate	Run actions/checkout@v3	2025-12-30T07:06:24.9238677Z Resolving deltas:  47% (79/168)
validate	Run actions/checkout@v3	2025-12-30T07:06:24.9239173Z Resolving deltas:  48% (81/168)
validate	Run actions/checkout@v3	2025-12-30T07:06:24.9239919Z Resolving deltas:  49% (83/168)
validate	Run actions/checkout@v3	2025-12-30T07:06:24.9240644Z Resolving deltas:  50% (84/168)
validate	Run actions/checkout@v3	2025-12-30T07:06:24.9241356Z Resolving deltas:  51% (86/168)
validate	Run actions/checkout@v3	2025-12-30T07:06:24.9242078Z Resolving deltas:  52% (88/168)
validate	Run actions/checkout@v3	2025-12-30T07:06:24.9242939Z Resolving deltas:  53% (90/168)
validate	Run actions/checkout@v3	2025-12-30T07:06:24.9243642Z Resolving deltas:  54% (91/168)
validate	Run actions/checkout@v3	2025-12-30T07:06:24.9244084Z Resolving deltas:  55% (93/168)
validate	Run actions/checkout@v3	2025-12-30T07:06:24.9244511Z Resolving deltas:  56% (95/168)
validate	Run actions/checkout@v3	2025-12-30T07:06:24.9244966Z Resolving deltas:  57% (96/168)
validate	Run actions/checkout@v3	2025-12-30T07:06:24.9245397Z Resolving deltas:  58% (98/168)
validate	Run actions/checkout@v3	2025-12-30T07:06:24.9246036Z Resolving deltas:  59% (100/168)
validate	Run actions/checkout@v3	2025-12-30T07:06:24.9246486Z Resolving deltas:  60% (101/168)
validate	Run actions/checkout@v3	2025-12-30T07:06:24.9246922Z Resolving deltas:  61% (103/168)
validate	Run actions/checkout@v3	2025-12-30T07:06:24.9247361Z Resolving deltas:  62% (105/168)
validate	Run actions/checkout@v3	2025-12-30T07:06:24.9247809Z Resolving deltas:  63% (106/168)
validate	Run actions/checkout@v3	2025-12-30T07:06:24.9248249Z Resolving deltas:  64% (108/168)
validate	Run actions/checkout@v3	2025-12-30T07:06:24.9248694Z Resolving deltas:  65% (110/168)
validate	Run actions/checkout@v3	2025-12-30T07:06:24.9249130Z Resolving deltas:  66% (111/168)
validate	Run actions/checkout@v3	2025-12-30T07:06:24.9249570Z Resolving deltas:  67% (113/168)
validate	Run actions/checkout@v3	2025-12-30T07:06:24.9250007Z Resolving deltas:  68% (115/168)
validate	Run actions/checkout@v3	2025-12-30T07:06:24.9250440Z Resolving deltas:  69% (116/168)
validate	Run actions/checkout@v3	2025-12-30T07:06:24.9250884Z Resolving deltas:  70% (118/168)
validate	Run actions/checkout@v3	2025-12-30T07:06:24.9251316Z Resolving deltas:  71% (120/168)
validate	Run actions/checkout@v3	2025-12-30T07:06:24.9251759Z Resolving deltas:  72% (121/168)
validate	Run actions/checkout@v3	2025-12-30T07:06:24.9252194Z Resolving deltas:  73% (123/168)
validate	Run actions/checkout@v3	2025-12-30T07:06:24.9253065Z Resolving deltas:  74% (125/168)
validate	Run actions/checkout@v3	2025-12-30T07:06:24.9253561Z Resolving deltas:  75% (126/168)
validate	Run actions/checkout@v3	2025-12-30T07:06:24.9254004Z Resolving deltas:  76% (128/168)
validate	Run actions/checkout@v3	2025-12-30T07:06:24.9254444Z Resolving deltas:  77% (130/168)
validate	Run actions/checkout@v3	2025-12-30T07:06:24.9254888Z Resolving deltas:  78% (132/168)
validate	Run actions/checkout@v3	2025-12-30T07:06:24.9255343Z Resolving deltas:  79% (133/168)
validate	Run actions/checkout@v3	2025-12-30T07:06:24.9256025Z Resolving deltas:  80% (135/168)
validate	Run actions/checkout@v3	2025-12-30T07:06:24.9256657Z Resolving deltas:  81% (137/168)
validate	Run actions/checkout@v3	2025-12-30T07:06:24.9257100Z Resolving deltas:  82% (138/168)
validate	Run actions/checkout@v3	2025-12-30T07:06:24.9257543Z Resolving deltas:  83% (140/168)
validate	Run actions/checkout@v3	2025-12-30T07:06:24.9257979Z Resolving deltas:  84% (142/168)
validate	Run actions/checkout@v3	2025-12-30T07:06:24.9258414Z Resolving deltas:  85% (143/168)
validate	Run actions/checkout@v3	2025-12-30T07:06:24.9258859Z Resolving deltas:  86% (145/168)
validate	Run actions/checkout@v3	2025-12-30T07:06:24.9259294Z Resolving deltas:  87% (147/168)
validate	Run actions/checkout@v3	2025-12-30T07:06:24.9259732Z Resolving deltas:  88% (148/168)
validate	Run actions/checkout@v3	2025-12-30T07:06:24.9260171Z Resolving deltas:  89% (150/168)
validate	Run actions/checkout@v3	2025-12-30T07:06:24.9260787Z Resolving deltas:  90% (152/168)
validate	Run actions/checkout@v3	2025-12-30T07:06:24.9261226Z Resolving deltas:  91% (153/168)
validate	Run actions/checkout@v3	2025-12-30T07:06:24.9261669Z Resolving deltas:  92% (155/168)
validate	Run actions/checkout@v3	2025-12-30T07:06:24.9262099Z Resolving deltas:  93% (157/168)
validate	Run actions/checkout@v3	2025-12-30T07:06:24.9262770Z Resolving deltas:  94% (158/168)
validate	Run actions/checkout@v3	2025-12-30T07:06:24.9263223Z Resolving deltas:  95% (160/168)
validate	Run actions/checkout@v3	2025-12-30T07:06:24.9263664Z Resolving deltas:  96% (162/168)
validate	Run actions/checkout@v3	2025-12-30T07:06:24.9264104Z Resolving deltas:  97% (163/168)
validate	Run actions/checkout@v3	2025-12-30T07:06:24.9328016Z Resolving deltas:  98% (165/168)
validate	Run actions/checkout@v3	2025-12-30T07:06:24.9329021Z Resolving deltas:  99% (167/168)
validate	Run actions/checkout@v3	2025-12-30T07:06:24.9329859Z Resolving deltas: 100% (168/168)
validate	Run actions/checkout@v3	2025-12-30T07:06:24.9330652Z Resolving deltas: 100% (168/168), done.
validate	Run actions/checkout@v3	2025-12-30T07:06:24.9471499Z From https://github.com/MALIEV-Co-Ltd/Maliev.MessagingContracts
validate	Run actions/checkout@v3	2025-12-30T07:06:24.9473151Z  * [new branch]      develop             -> origin/develop
validate	Run actions/checkout@v3	2025-12-30T07:06:24.9474472Z  * [new branch]      infra/iam-contracts -> origin/infra/iam-contracts
validate	Run actions/checkout@v3	2025-12-30T07:06:24.9475740Z  * [new branch]      main                -> origin/main
validate	Run actions/checkout@v3	2025-12-30T07:06:24.9515330Z [command]/usr/bin/git branch --list --remote origin/develop
validate	Run actions/checkout@v3	2025-12-30T07:06:24.9540458Z   origin/develop
validate	Run actions/checkout@v3	2025-12-30T07:06:24.9548759Z [command]/usr/bin/git rev-parse refs/remotes/origin/develop
validate	Run actions/checkout@v3	2025-12-30T07:06:24.9567403Z 707b6bb06b3656ae62e48f86fa03254e27dbb84b
validate	Run actions/checkout@v3	2025-12-30T07:06:24.9573491Z ##[endgroup]
validate	Run actions/checkout@v3	2025-12-30T07:06:24.9574530Z ##[group]Determining the checkout info
validate	Run actions/checkout@v3	2025-12-30T07:06:24.9575704Z ##[endgroup]
validate	Run actions/checkout@v3	2025-12-30T07:06:24.9576673Z ##[group]Checking out the ref
validate	Run actions/checkout@v3	2025-12-30T07:06:24.9578020Z [command]/usr/bin/git checkout --progress --force -B develop refs/remotes/origin/develop
validate	Run actions/checkout@v3	2025-12-30T07:06:24.9729628Z Switched to a new branch 'develop'
validate	Run actions/checkout@v3	2025-12-30T07:06:24.9733132Z branch 'develop' set up to track 'origin/develop'.
validate	Run actions/checkout@v3	2025-12-30T07:06:24.9740619Z ##[endgroup]
validate	Run actions/checkout@v3	2025-12-30T07:06:24.9771209Z [command]/usr/bin/git log -1 --format='%H'
validate	Run actions/checkout@v3	2025-12-30T07:06:24.9791306Z '707b6bb06b3656ae62e48f86fa03254e27dbb84b'
validate	Setup Node.js	﻿2025-12-30T07:06:25.0011098Z ##[group]Run actions/setup-node@v3
validate	Setup Node.js	2025-12-30T07:06:25.0011602Z with:
validate	Setup Node.js	2025-12-30T07:06:25.0012107Z   node-version: 18
validate	Setup Node.js	2025-12-30T07:06:25.0012724Z   always-auth: false
validate	Setup Node.js	2025-12-30T07:06:25.0013113Z   check-latest: false
validate	Setup Node.js	2025-12-30T07:06:25.0013631Z   token: ***
validate	Setup Node.js	2025-12-30T07:06:25.0013968Z ##[endgroup]
validate	Setup Node.js	2025-12-30T07:06:25.1932872Z Attempting to download 18...
validate	Setup Node.js	2025-12-30T07:06:25.4847069Z Acquiring 18.20.8 - x64 from https://github.com/actions/node-versions/releases/download/18.20.8-14110393767/node-18.20.8-linux-x64.tar.gz
validate	Setup Node.js	2025-12-30T07:06:25.8377092Z Extracting ...
validate	Setup Node.js	2025-12-30T07:06:25.8491657Z [command]/usr/bin/tar xz --strip 1 --warning=no-unknown-keyword -C /home/runner/work/_temp/d255391c-992d-4e5e-a9d5-32dd74ea0415 -f /home/runner/work/_temp/78d14c08-1d9b-471b-8dea-e0ab0a12452f
validate	Setup Node.js	2025-12-30T07:06:26.8123017Z Adding to the cache ...
validate	Setup Node.js	2025-12-30T07:06:28.4512805Z ##[group]Environment details
validate	Setup Node.js	2025-12-30T07:06:28.6797868Z node: v18.20.8
validate	Setup Node.js	2025-12-30T07:06:28.6799191Z npm: 10.8.2
validate	Setup Node.js	2025-12-30T07:06:28.6799600Z yarn: 1.22.22
validate	Setup Node.js	2025-12-30T07:06:28.6800608Z ##[endgroup]
validate	Install dependencies	﻿2025-12-30T07:06:28.6970815Z ##[group]Run npm install
validate	Install dependencies	2025-12-30T07:06:28.6971225Z [36;1mnpm install[0m
validate	Install dependencies	2025-12-30T07:06:28.7009861Z shell: /usr/bin/bash -e {0}
validate	Install dependencies	2025-12-30T07:06:28.7010207Z ##[endgroup]
validate	Install dependencies	2025-12-30T07:06:30.2098078Z npm warn EBADENGINE Unsupported engine {
validate	Install dependencies	2025-12-30T07:06:30.2099189Z npm warn EBADENGINE   package: 'lru-cache@11.2.4',
validate	Install dependencies	2025-12-30T07:06:30.2100029Z npm warn EBADENGINE   required: { node: '20 || >=22' },
validate	Install dependencies	2025-12-30T07:06:30.2100913Z npm warn EBADENGINE   current: { node: 'v18.20.8', npm: '10.8.2' }
validate	Install dependencies	2025-12-30T07:06:30.2101623Z npm warn EBADENGINE }
validate	Install dependencies	2025-12-30T07:06:30.2102192Z npm warn EBADENGINE Unsupported engine {
validate	Install dependencies	2025-12-30T07:06:30.2103149Z npm warn EBADENGINE   package: 'lru-cache@11.2.4',
validate	Install dependencies	2025-12-30T07:06:30.2103933Z npm warn EBADENGINE   required: { node: '20 || >=22' },
validate	Install dependencies	2025-12-30T07:06:30.2104823Z npm warn EBADENGINE   current: { node: 'v18.20.8', npm: '10.8.2' }
validate	Install dependencies	2025-12-30T07:06:30.2105470Z npm warn EBADENGINE }
validate	Install dependencies	2025-12-30T07:06:30.2146309Z npm warn EBADENGINE Unsupported engine {
validate	Install dependencies	2025-12-30T07:06:30.2148503Z npm warn EBADENGINE   package: 'config@4.1.1',
validate	Install dependencies	2025-12-30T07:06:30.2149339Z npm warn EBADENGINE   required: { node: '>= 20.0.0' },
validate	Install dependencies	2025-12-30T07:06:30.2150246Z npm warn EBADENGINE   current: { node: 'v18.20.8', npm: '10.8.2' }
validate	Install dependencies	2025-12-30T07:06:30.2150941Z npm warn EBADENGINE }
validate	Install dependencies	2025-12-30T07:06:30.2153894Z npm warn EBADENGINE Unsupported engine {
validate	Install dependencies	2025-12-30T07:06:30.2155942Z npm warn EBADENGINE   package: 'cssstyle@5.3.4',
validate	Install dependencies	2025-12-30T07:06:30.2156707Z npm warn EBADENGINE   required: { node: '>=20' },
validate	Install dependencies	2025-12-30T07:06:30.2157541Z npm warn EBADENGINE   current: { node: 'v18.20.8', npm: '10.8.2' }
validate	Install dependencies	2025-12-30T07:06:30.2158236Z npm warn EBADENGINE }
validate	Install dependencies	2025-12-30T07:06:30.2162273Z npm warn EBADENGINE Unsupported engine {
validate	Install dependencies	2025-12-30T07:06:30.2163254Z npm warn EBADENGINE   package: 'data-urls@6.0.0',
validate	Install dependencies	2025-12-30T07:06:30.2163962Z npm warn EBADENGINE   required: { node: '>=20' },
validate	Install dependencies	2025-12-30T07:06:30.2164794Z npm warn EBADENGINE   current: { node: 'v18.20.8', npm: '10.8.2' }
validate	Install dependencies	2025-12-30T07:06:30.2165492Z npm warn EBADENGINE }
validate	Install dependencies	2025-12-30T07:06:30.2179725Z npm warn EBADENGINE Unsupported engine {
validate	Install dependencies	2025-12-30T07:06:30.2181300Z npm warn EBADENGINE   package: 'isomorphic-dompurify@2.34.0',
validate	Install dependencies	2025-12-30T07:06:30.2183144Z npm warn EBADENGINE   required: { node: '>=20.19.5' },
validate	Install dependencies	2025-12-30T07:06:30.2184058Z npm warn EBADENGINE   current: { node: 'v18.20.8', npm: '10.8.2' }
validate	Install dependencies	2025-12-30T07:06:30.2184773Z npm warn EBADENGINE }
validate	Install dependencies	2025-12-30T07:06:30.2185356Z npm warn EBADENGINE Unsupported engine {
validate	Install dependencies	2025-12-30T07:06:30.2186029Z npm warn EBADENGINE   package: 'jsdom@27.3.0',
validate	Install dependencies	2025-12-30T07:06:30.2186879Z npm warn EBADENGINE   required: { node: '^20.19.0 || ^22.12.0 || >=24.0.0' },
validate	Install dependencies	2025-12-30T07:06:30.2187838Z npm warn EBADENGINE   current: { node: 'v18.20.8', npm: '10.8.2' }
validate	Install dependencies	2025-12-30T07:06:30.2188464Z npm warn EBADENGINE }
validate	Install dependencies	2025-12-30T07:06:30.2222265Z npm warn EBADENGINE Unsupported engine {
validate	Install dependencies	2025-12-30T07:06:30.2223408Z npm warn EBADENGINE   package: 'tr46@6.0.0',
validate	Install dependencies	2025-12-30T07:06:30.2224153Z npm warn EBADENGINE   required: { node: '>=20' },
validate	Install dependencies	2025-12-30T07:06:30.2225433Z npm warn EBADENGINE   current: { node: 'v18.20.8', npm: '10.8.2' }
validate	Install dependencies	2025-12-30T07:06:30.2226123Z npm warn EBADENGINE }
validate	Install dependencies	2025-12-30T07:06:30.2229116Z npm warn EBADENGINE Unsupported engine {
validate	Install dependencies	2025-12-30T07:06:30.2229997Z npm warn EBADENGINE   package: 'webidl-conversions@8.0.0',
validate	Install dependencies	2025-12-30T07:06:30.2230804Z npm warn EBADENGINE   required: { node: '>=20' },
validate	Install dependencies	2025-12-30T07:06:30.2231614Z npm warn EBADENGINE   current: { node: 'v18.20.8', npm: '10.8.2' }
validate	Install dependencies	2025-12-30T07:06:30.2232260Z npm warn EBADENGINE }
validate	Install dependencies	2025-12-30T07:06:30.2233055Z npm warn EBADENGINE Unsupported engine {
validate	Install dependencies	2025-12-30T07:06:30.2233748Z npm warn EBADENGINE   package: 'whatwg-url@15.1.0',
validate	Install dependencies	2025-12-30T07:06:30.2234425Z npm warn EBADENGINE   required: { node: '>=20' },
validate	Install dependencies	2025-12-30T07:06:30.2235176Z npm warn EBADENGINE   current: { node: 'v18.20.8', npm: '10.8.2' }
validate	Install dependencies	2025-12-30T07:06:30.2235812Z npm warn EBADENGINE }
validate	Install dependencies	2025-12-30T07:06:35.1160895Z npm warn deprecated sourcemap-codec@1.4.8: Please use @jridgewell/sourcemap-codec instead
validate	Install dependencies	2025-12-30T07:06:35.3000459Z npm warn deprecated rimraf@3.0.2: Rimraf versions prior to v4 are no longer supported
validate	Install dependencies	2025-12-30T07:06:35.3644251Z npm warn deprecated readdir-scoped-modules@1.1.0: This functionality has been moved to @npmcli/fs
validate	Install dependencies	2025-12-30T07:06:35.3649998Z npm warn deprecated read-package-json@5.0.2: This package is no longer supported. Please use @npmcli/package-json instead.
validate	Install dependencies	2025-12-30T07:06:35.5845817Z npm warn deprecated q@1.5.1: You or someone you depend on is using Q, the JavaScript Promise library that gave JavaScript developers strong feelings about promises. They can almost certainly migrate to the native JavaScript promise now. Thank you literally everyone for joining me in this bet against the odds. Be excellent to each other.
validate	Install dependencies	2025-12-30T07:06:35.5848186Z npm warn deprecated
validate	Install dependencies	2025-12-30T07:06:35.8920077Z npm warn deprecated (For a CapTP with native promises, see @endo/eventual-send and @endo/captp)
validate	Install dependencies	2025-12-30T07:06:35.8921324Z npm warn deprecated npmlog@6.0.2: This package is no longer supported.
validate	Install dependencies	2025-12-30T07:06:36.7138373Z npm warn deprecated inflight@1.0.6: This module is not supported, and leaks memory. Do not use it. Check out lru-cache if you want a good and tested way to coalesce async requests by a key value, which is much more comprehensive and powerful.
validate	Install dependencies	2025-12-30T07:06:36.9710433Z npm warn deprecated glob@8.1.0: Glob versions prior to v9 are no longer supported
validate	Install dependencies	2025-12-30T07:06:37.4193321Z npm warn deprecated gauge@4.0.4: This package is no longer supported.
validate	Install dependencies	2025-12-30T07:06:37.4881792Z npm warn deprecated debuglog@1.0.1: Package no longer supported. Contact Support at https://www.npmjs.com/support for more info.
validate	Install dependencies	2025-12-30T07:06:37.6676142Z npm warn deprecated fstream@1.0.12: This package is no longer supported.
validate	Install dependencies	2025-12-30T07:06:37.9468104Z npm warn deprecated are-we-there-yet@3.0.1: This package is no longer supported.
validate	Install dependencies	2025-12-30T07:06:38.9785219Z npm warn deprecated @npmcli/move-file@2.0.1: This functionality has been moved to @npmcli/fs
validate	Install dependencies	2025-12-30T07:06:39.3814789Z npm warn deprecated @oclif/errors@1.3.6: Package no longer supported. Contact Support at https://www.npmjs.com/support for more info.
validate	Install dependencies	2025-12-30T07:06:40.4572596Z npm warn deprecated @asyncapi/raml-dt-schema-parser@4.0.24: Project is archived. See https://github.com/asyncapi-archived-repos/raml-dt-schema-parser
validate	Install dependencies	2025-12-30T07:06:40.4573692Z npm warn deprecated .
validate	Install dependencies	2025-12-30T07:06:40.7213909Z npm warn deprecated @asyncapi/generator-hooks@0.1.0: Hooks are now part of generator repository and also out of the box integrated with the generator, so no need to set it as dependency any more: https://github.com/asyncapi/generator/releases/tag/%40asyncapi%2Fgenerator%402.5.0
validate	Install dependencies	2025-12-30T07:06:40.9043244Z npm warn deprecated glob@7.2.3: Glob versions prior to v9 are no longer supported
validate	Install dependencies	2025-12-30T07:06:41.0824392Z npm warn deprecated glob@7.2.3: Glob versions prior to v9 are no longer supported
validate	Install dependencies	2025-12-30T07:06:41.4888110Z npm warn deprecated glob@7.2.3: Glob versions prior to v9 are no longer supported
validate	Install dependencies	2025-12-30T07:06:41.6612168Z npm warn deprecated rimraf@2.2.8: Rimraf versions prior to v4 are no longer supported
validate	Install dependencies	2025-12-30T07:06:41.6918739Z npm warn deprecated rimraf@2.7.1: Rimraf versions prior to v4 are no longer supported
validate	Install dependencies	2025-12-30T07:06:41.6924384Z npm warn deprecated glob@7.2.3: Glob versions prior to v9 are no longer supported
validate	Install dependencies	2025-12-30T07:06:41.9168721Z npm warn deprecated glob@7.2.3: Glob versions prior to v9 are no longer supported
validate	Install dependencies	2025-12-30T07:06:42.0145722Z npm warn deprecated mkdirp@0.3.5: Legacy versions of mkdirp are no longer supported. Please update to mkdirp 1.x. (Note that the API surface has changed to use Promises in 1.x.)
validate	Install dependencies	2025-12-30T07:06:42.2735845Z npm warn deprecated glob@7.2.3: Glob versions prior to v9 are no longer supported
validate	Install dependencies	2025-12-30T07:06:45.0207494Z npm warn deprecated @hyperjump/json-schema-core@0.28.5: This package was rolled into @hyperjump/json-schema as of v1.0.0
validate	Install dependencies	2025-12-30T07:07:01.8642784Z npm warn deprecated next@14.2.26: This version has a security vulnerability. Please upgrade to a patched version. See https://nextjs.org/blog/security-update-2025-12-11 for more details.
validate	Install dependencies	2025-12-30T07:07:05.3159448Z 
validate	Install dependencies	2025-12-30T07:07:05.3160267Z added 1639 packages, and audited 1849 packages in 37s
validate	Install dependencies	2025-12-30T07:07:05.3160689Z 
validate	Install dependencies	2025-12-30T07:07:05.3161092Z 218 packages are looking for funding
validate	Install dependencies	2025-12-30T07:07:05.3163195Z   run `npm fund` for details
validate	Install dependencies	2025-12-30T07:07:05.4078704Z 
validate	Install dependencies	2025-12-30T07:07:05.4079683Z 21 vulnerabilities (1 low, 10 moderate, 8 high, 2 critical)
validate	Install dependencies	2025-12-30T07:07:05.4080199Z 
validate	Install dependencies	2025-12-30T07:07:05.4080619Z To address issues that do not require attention, run:
validate	Install dependencies	2025-12-30T07:07:05.4081314Z   npm audit fix
validate	Install dependencies	2025-12-30T07:07:05.4081566Z 
validate	Install dependencies	2025-12-30T07:07:05.4082037Z To address all issues (including breaking changes), run:
validate	Install dependencies	2025-12-30T07:07:05.4082925Z   npm audit fix --force
validate	Install dependencies	2025-12-30T07:07:05.4083213Z 
validate	Install dependencies	2025-12-30T07:07:05.4083441Z Run `npm audit` for details.
validate	Detect Schema Changes	﻿2025-12-30T07:07:05.4713597Z ##[group]Run # Only check if base_ref is available (pull requests)
validate	Detect Schema Changes	2025-12-30T07:07:05.4714103Z [36;1m# Only check if base_ref is available (pull requests)[0m
validate	Detect Schema Changes	2025-12-30T07:07:05.4714412Z [36;1mif [ -n "" ]; then[0m
validate	Detect Schema Changes	2025-12-30T07:07:05.4714677Z [36;1m  git diff --quiet origin/ -- contracts/schemas/ || {[0m
validate	Detect Schema Changes	2025-12-30T07:07:05.4715242Z [36;1m    echo "::warning::Schema changes detected. Ensure messageVersion is incremented if this were a production environment."[0m
validate	Detect Schema Changes	2025-12-30T07:07:05.4715713Z [36;1m  }[0m
validate	Detect Schema Changes	2025-12-30T07:07:05.4715873Z [36;1mfi[0m
validate	Detect Schema Changes	2025-12-30T07:07:05.4751246Z shell: /usr/bin/bash --noprofile --norc -e -o pipefail {0}
validate	Detect Schema Changes	2025-12-30T07:07:05.4751561Z ##[endgroup]
validate	Validate Consumers	﻿2025-12-30T07:07:05.4830108Z ##[group]Run ./scripts/validate-consumers.ps1
validate	Validate Consumers	2025-12-30T07:07:05.4830451Z [36;1m./scripts/validate-consumers.ps1[0m
validate	Validate Consumers	2025-12-30T07:07:05.4924575Z shell: /usr/bin/pwsh -command ". '{0}'"
validate	Validate Consumers	2025-12-30T07:07:05.4924856Z ##[endgroup]
validate	Validate Consumers	2025-12-30T07:07:09.6128166Z Validating that all consumers exist...
validate	Validate Consumers	2025-12-30T07:07:09.8250463Z All consumer validations passed.
validate	Validate AsyncAPI	﻿2025-12-30T07:07:09.9698198Z ##[group]Run npm test
validate	Validate AsyncAPI	2025-12-30T07:07:09.9698489Z [36;1mnpm test[0m
validate	Validate AsyncAPI	2025-12-30T07:07:09.9731218Z shell: /usr/bin/bash -e {0}
validate	Validate AsyncAPI	2025-12-30T07:07:09.9731442Z ##[endgroup]
validate	Validate AsyncAPI	2025-12-30T07:07:10.0960431Z 
validate	Validate AsyncAPI	2025-12-30T07:07:10.0961033Z > maliev.messagingcontracts@1.0.0 test
validate	Validate AsyncAPI	2025-12-30T07:07:10.0961590Z > npm run validate:asyncapi && npm run validate:schemas
validate	Validate AsyncAPI	2025-12-30T07:07:10.0961830Z 
validate	Validate AsyncAPI	2025-12-30T07:07:10.2220353Z 
validate	Validate AsyncAPI	2025-12-30T07:07:10.2220908Z > maliev.messagingcontracts@1.0.0 validate:asyncapi
validate	Validate AsyncAPI	2025-12-30T07:07:10.2221380Z > asyncapi validate asyncapi/asyncapi.yaml
validate	Validate AsyncAPI	2025-12-30T07:07:10.2221583Z 
validate	Validate AsyncAPI	2025-12-30T07:07:11.7550901Z 
validate	Validate AsyncAPI	2025-12-30T07:07:11.7553029Z File asyncapi/asyncapi.yaml is valid! File asyncapi/asyncapi.yaml and referenced documents don't have governance issues.
validate	Validate AsyncAPI	2025-12-30T07:07:11.7557289Z 
validate	Validate AsyncAPI	2025-12-30T07:07:12.2816715Z 
validate	Validate AsyncAPI	2025-12-30T07:07:12.2817440Z > maliev.messagingcontracts@1.0.0 validate:schemas
validate	Validate AsyncAPI	2025-12-30T07:07:12.2818121Z > ajv compile -c ajv-formats -s "contracts/schemas/shared/*.json" --all-errors
validate	Validate AsyncAPI	2025-12-30T07:07:12.2818775Z 
validate	Validate AsyncAPI	2025-12-30T07:07:12.5176086Z schema contracts/schemas/shared/base-message.json is valid
validate	Validate AsyncAPI	2025-12-30T07:07:12.5211249Z schema contracts/schemas/shared/command.json is valid
validate	Validate AsyncAPI	2025-12-30T07:07:12.5235864Z schema contracts/schemas/shared/domain-event.json is valid
validate	Validate AsyncAPI	2025-12-30T07:07:12.5254259Z schema contracts/schemas/shared/envelope.json is valid
validate	Validate AsyncAPI	2025-12-30T07:07:12.5289739Z schema contracts/schemas/shared/integration-event.json is valid
validate	Validate AsyncAPI	2025-12-30T07:07:12.5362782Z schema contracts/schemas/shared/notification-event.json is valid
validate	Post Setup Node.js	﻿2025-12-30T07:07:12.5670753Z Post job cleanup.
validate	Post Run actions/checkout@v3	﻿2025-12-30T07:07:12.7423434Z Post job cleanup.
validate	Post Run actions/checkout@v3	2025-12-30T07:07:12.8137300Z [command]/usr/bin/git version
validate	Post Run actions/checkout@v3	2025-12-30T07:07:12.8174628Z git version 2.52.0
validate	Post Run actions/checkout@v3	2025-12-30T07:07:12.8221632Z Temporarily overriding HOME='/home/runner/work/_temp/4fd3094b-a3be-49c1-8a1b-baa53fde2a22' before making global git config changes
validate	Post Run actions/checkout@v3	2025-12-30T07:07:12.8223336Z Adding repository directory to the temporary git global config as a safe directory
validate	Post Run actions/checkout@v3	2025-12-30T07:07:12.8226870Z [command]/usr/bin/git config --global --add safe.directory /home/runner/work/Maliev.MessagingContracts/Maliev.MessagingContracts
validate	Post Run actions/checkout@v3	2025-12-30T07:07:12.8614273Z [command]/usr/bin/git config --local --name-only --get-regexp core\.sshCommand
validate	Post Run actions/checkout@v3	2025-12-30T07:07:12.8644910Z [command]/usr/bin/git submodule foreach --recursive sh -c "git config --local --name-only --get-regexp 'core\.sshCommand' && git config --local --unset-all 'core.sshCommand' || :"
validate	Post Run actions/checkout@v3	2025-12-30T07:07:12.9124749Z [command]/usr/bin/git config --local --name-only --get-regexp http\.https\:\/\/github\.com\/\.extraheader
validate	Post Run actions/checkout@v3	2025-12-30T07:07:12.9149844Z http.https://github.com/.extraheader
validate	Post Run actions/checkout@v3	2025-12-30T07:07:12.9164802Z [command]/usr/bin/git config --local --unset-all http.https://github.com/.extraheader
validate	Post Run actions/checkout@v3	2025-12-30T07:07:12.9205030Z [command]/usr/bin/git submodule foreach --recursive sh -c "git config --local --name-only --get-regexp 'http\.https\:\/\/github\.com\/\.extraheader' && git config --local --unset-all 'http.https://github.com/.extraheader' || :"
validate	Complete job	﻿2025-12-30T07:07:12.9543513Z Cleaning up orphan processes
